// Jest Snapshot v1, https://goo.gl/fbAQLP

exports[`<Header /> should render the heading 1`] = `
<main
  class="styles__Wrapper-hnb44-0"
>
  <h1>
    Header
  </h1>
</main>
`;
